1774037788.835360 client started (123606): version 3.6a, socket /tmp/tmux-1000/default, protocol 8
1774037788.835370 on Linux 6.19.7-1-cachyos #1 SMP PREEMPT_DYNAMIC Fri, 13 Mar 2026 16:01:21 +0000
1774037788.835375 using libevent 2.1.12-stable poll
1774037788.835378 using ncurses 6.5 20240427
1774037788.835388 flags are 0x18010000
1774037788.835396 socket is /tmp/tmux-1000/default
1774037788.835403 trying connect
1774037788.835418 add peer 0x55af5c96b530: 6 ((nil))
1774037788.835630 sending message 111 to peer 0x55af5c96b530 (8 bytes)
1774037788.835635 sending message 111 to peer 0x55af5c96b530 (8 bytes)
1774037788.835637 sending message 101 to peer 0x55af5c96b530 (14 bytes)
1774037788.835639 sending message 109 to peer 0x55af5c96b530 (4 bytes)
1774037788.835641 sending message 102 to peer 0x55af5c96b530 (11 bytes)
1774037788.835643 sending message 108 to peer 0x55af5c96b530 (29 bytes)
1774037788.835645 sending message 112 to peer 0x55af5c96b530 (70 bytes)
1774037788.835647 sending message 112 to peer 0x55af5c96b530 (5 bytes)
1774037788.835649 sending message 112 to peer 0x55af5c96b530 (5 bytes)
1774037788.835651 sending message 112 to peer 0x55af5c96b530 (6 bytes)
1774037788.835653 sending message 112 to peer 0x55af5c96b530 (6 bytes)
1774037788.835655 sending message 112 to peer 0x55af5c96b530 (11 bytes)
1774037788.835656 sending message 112 to peer 0x55af5c96b530 (10 bytes)
1774037788.835658 sending message 112 to peer 0x55af5c96b530 (13 bytes)
1774037788.835660 sending message 112 to peer 0x55af5c96b530 (14 bytes)
1774037788.835662 sending message 112 to peer 0x55af5c96b530 (9 bytes)
1774037788.835664 sending message 112 to peer 0x55af5c96b530 (21 bytes)
1774037788.835666 sending message 112 to peer 0x55af5c96b530 (19 bytes)
1774037788.835668 sending message 112 to peer 0x55af5c96b530 (11 bytes)
1774037788.835670 sending message 112 to peer 0x55af5c96b530 (21 bytes)
1774037788.835672 sending message 112 to peer 0x55af5c96b530 (13 bytes)
1774037788.835674 sending message 112 to peer 0x55af5c96b530 (7 bytes)
1774037788.835675 sending message 112 to peer 0x55af5c96b530 (13 bytes)
1774037788.835677 sending message 112 to peer 0x55af5c96b530 (7 bytes)
1774037788.835679 sending message 112 to peer 0x55af5c96b530 (13 bytes)
1774037788.835681 sending message 112 to peer 0x55af5c96b530 (9 bytes)
1774037788.835683 sending message 112 to peer 0x55af5c96b530 (21 bytes)
1774037788.835685 sending message 112 to peer 0x55af5c96b530 (13 bytes)
1774037788.835687 sending message 112 to peer 0x55af5c96b530 (9 bytes)
1774037788.835689 sending message 112 to peer 0x55af5c96b530 (16 bytes)
1774037788.835691 sending message 112 to peer 0x55af5c96b530 (13 bytes)
1774037788.835693 sending message 112 to peer 0x55af5c96b530 (9 bytes)
1774037788.835695 sending message 112 to peer 0x55af5c96b530 (9 bytes)
1774037788.835697 sending message 112 to peer 0x55af5c96b530 (12 bytes)
1774037788.835699 sending message 112 to peer 0x55af5c96b530 (8 bytes)
1774037788.835701 sending message 112 to peer 0x55af5c96b530 (12 bytes)
1774037788.835703 sending message 112 to peer 0x55af5c96b530 (8 bytes)
1774037788.835705 sending message 112 to peer 0x55af5c96b530 (13 bytes)
1774037788.835707 sending message 112 to peer 0x55af5c96b530 (7 bytes)
1774037788.835709 sending message 112 to peer 0x55af5c96b530 (7 bytes)
1774037788.835711 sending message 112 to peer 0x55af5c96b530 (9 bytes)
1774037788.835713 sending message 112 to peer 0x55af5c96b530 (12 bytes)
1774037788.835715 sending message 112 to peer 0x55af5c96b530 (6 bytes)
1774037788.835717 sending message 112 to peer 0x55af5c96b530 (9 bytes)
1774037788.835719 sending message 112 to peer 0x55af5c96b530 (15 bytes)
1774037788.835721 sending message 112 to peer 0x55af5c96b530 (13 bytes)
1774037788.835722 sending message 112 to peer 0x55af5c96b530 (9 bytes)
1774037788.835724 sending message 112 to peer 0x55af5c96b530 (12 bytes)
1774037788.835726 sending message 112 to peer 0x55af5c96b530 (8 bytes)
1774037788.835728 sending message 112 to peer 0x55af5c96b530 (14 bytes)
1774037788.835730 sending message 112 to peer 0x55af5c96b530 (11 bytes)
1774037788.835737 sending message 112 to peer 0x55af5c96b530 (9 bytes)
1774037788.835741 sending message 112 to peer 0x55af5c96b530 (10 bytes)
1774037788.835743 sending message 112 to peer 0x55af5c96b530 (10 bytes)
1774037788.835744 sending message 112 to peer 0x55af5c96b530 (10 bytes)
1774037788.835746 sending message 112 to peer 0x55af5c96b530 (10 bytes)
1774037788.835748 sending message 112 to peer 0x55af5c96b530 (11 bytes)
1774037788.835750 sending message 112 to peer 0x55af5c96b530 (12 bytes)
1774037788.835752 sending message 112 to peer 0x55af5c96b530 (12 bytes)
1774037788.835754 sending message 112 to peer 0x55af5c96b530 (12 bytes)
1774037788.835756 sending message 112 to peer 0x55af5c96b530 (12 bytes)
1774037788.835758 sending message 112 to peer 0x55af5c96b530 (12 bytes)
1774037788.835760 sending message 112 to peer 0x55af5c96b530 (11 bytes)
1774037788.835762 sending message 112 to peer 0x55af5c96b530 (11 bytes)
1774037788.835764 sending message 112 to peer 0x55af5c96b530 (12 bytes)
1774037788.835766 sending message 112 to peer 0x55af5c96b530 (12 bytes)
1774037788.835768 sending message 112 to peer 0x55af5c96b530 (12 bytes)
1774037788.835770 sending message 112 to peer 0x55af5c96b530 (12 bytes)
1774037788.835772 sending message 112 to peer 0x55af5c96b530 (12 bytes)
1774037788.835774 sending message 112 to peer 0x55af5c96b530 (9 bytes)
1774037788.835776 sending message 112 to peer 0x55af5c96b530 (12 bytes)
1774037788.835778 sending message 112 to peer 0x55af5c96b530 (13 bytes)
1774037788.835780 sending message 112 to peer 0x55af5c96b530 (13 bytes)
1774037788.835782 sending message 112 to peer 0x55af5c96b530 (13 bytes)
1774037788.835783 sending message 112 to peer 0x55af5c96b530 (13 bytes)
1774037788.835785 sending message 112 to peer 0x55af5c96b530 (13 bytes)
1774037788.835787 sending message 112 to peer 0x55af5c96b530 (8 bytes)
1774037788.835789 sending message 112 to peer 0x55af5c96b530 (11 bytes)
1774037788.835791 sending message 112 to peer 0x55af5c96b530 (11 bytes)
1774037788.835793 sending message 112 to peer 0x55af5c96b530 (11 bytes)
1774037788.835795 sending message 112 to peer 0x55af5c96b530 (12 bytes)
1774037788.835797 sending message 112 to peer 0x55af5c96b530 (12 bytes)
1774037788.835799 sending message 112 to peer 0x55af5c96b530 (12 bytes)
1774037788.835801 sending message 112 to peer 0x55af5c96b530 (12 bytes)
1774037788.835803 sending message 112 to peer 0x55af5c96b530 (13 bytes)
1774037788.835805 sending message 112 to peer 0x55af5c96b530 (13 bytes)
1774037788.835807 sending message 112 to peer 0x55af5c96b530 (13 bytes)
1774037788.835809 sending message 112 to peer 0x55af5c96b530 (8 bytes)
1774037788.835811 sending message 112 to peer 0x55af5c96b530 (13 bytes)
1774037788.835813 sending message 112 to peer 0x55af5c96b530 (13 bytes)
1774037788.835815 sending message 112 to peer 0x55af5c96b530 (13 bytes)
1774037788.835817 sending message 112 to peer 0x55af5c96b530 (13 bytes)
1774037788.835819 sending message 112 to peer 0x55af5c96b530 (13 bytes)
1774037788.835821 sending message 112 to peer 0x55af5c96b530 (12 bytes)
1774037788.835823 sending message 112 to peer 0x55af5c96b530 (12 bytes)
1774037788.835825 sending message 112 to peer 0x55af5c96b530 (12 bytes)
1774037788.835827 sending message 112 to peer 0x55af5c96b530 (12 bytes)
1774037788.835828 sending message 112 to peer 0x55af5c96b530 (13 bytes)
1774037788.835830 sending message 112 to peer 0x55af5c96b530 (8 bytes)
1774037788.835832 sending message 112 to peer 0x55af5c96b530 (13 bytes)
1774037788.835834 sending message 112 to peer 0x55af5c96b530 (13 bytes)
1774037788.835836 sending message 112 to peer 0x55af5c96b530 (13 bytes)
1774037788.835838 sending message 112 to peer 0x55af5c96b530 (13 bytes)
1774037788.835840 sending message 112 to peer 0x55af5c96b530 (13 bytes)
1774037788.835842 sending message 112 to peer 0x55af5c96b530 (13 bytes)
1774037788.835844 sending message 112 to peer 0x55af5c96b530 (13 bytes)
1774037788.835846 sending message 112 to peer 0x55af5c96b530 (12 bytes)
1774037788.835848 sending message 112 to peer 0x55af5c96b530 (12 bytes)
1774037788.835851 sending message 112 to peer 0x55af5c96b530 (12 bytes)
1774037788.835854 sending message 112 to peer 0x55af5c96b530 (8 bytes)
1774037788.835856 sending message 112 to peer 0x55af5c96b530 (12 bytes)
1774037788.835858 sending message 112 to peer 0x55af5c96b530 (13 bytes)
1774037788.835860 sending message 112 to peer 0x55af5c96b530 (13 bytes)
1774037788.835862 sending message 112 to peer 0x55af5c96b530 (13 bytes)
1774037788.835864 sending message 112 to peer 0x55af5c96b530 (13 bytes)
1774037788.835866 sending message 112 to peer 0x55af5c96b530 (13 bytes)
1774037788.835868 sending message 112 to peer 0x55af5c96b530 (13 bytes)
1774037788.835870 sending message 112 to peer 0x55af5c96b530 (13 bytes)
1774037788.835872 sending message 112 to peer 0x55af5c96b530 (13 bytes)
1774037788.835874 sending message 112 to peer 0x55af5c96b530 (12 bytes)
1774037788.835876 sending message 112 to peer 0x55af5c96b530 (10 bytes)
1774037788.835878 sending message 112 to peer 0x55af5c96b530 (12 bytes)
1774037788.835880 sending message 112 to peer 0x55af5c96b530 (12 bytes)
1774037788.835882 sending message 112 to peer 0x55af5c96b530 (12 bytes)
1774037788.835884 sending message 112 to peer 0x55af5c96b530 (13 bytes)
1774037788.835886 sending message 112 to peer 0x55af5c96b530 (13 bytes)
1774037788.835888 sending message 112 to peer 0x55af5c96b530 (13 bytes)
1774037788.835889 sending message 112 to peer 0x55af5c96b530 (13 bytes)
1774037788.835891 sending message 112 to peer 0x55af5c96b530 (13 bytes)
1774037788.835893 sending message 112 to peer 0x55af5c96b530 (13 bytes)
1774037788.835895 sending message 112 to peer 0x55af5c96b530 (13 bytes)
1774037788.835897 sending message 112 to peer 0x55af5c96b530 (10 bytes)
1774037788.835899 sending message 112 to peer 0x55af5c96b530 (13 bytes)
1774037788.835901 sending message 112 to peer 0x55af5c96b530 (12 bytes)
1774037788.835903 sending message 112 to peer 0x55af5c96b530 (12 bytes)
1774037788.835905 sending message 112 to peer 0x55af5c96b530 (12 bytes)
1774037788.835907 sending message 112 to peer 0x55af5c96b530 (10 bytes)
1774037788.835909 sending message 112 to peer 0x55af5c96b530 (10 bytes)
1774037788.835911 sending message 112 to peer 0x55af5c96b530 (10 bytes)
1774037788.835913 sending message 112 to peer 0x55af5c96b530 (12 bytes)
1774037788.835915 sending message 112 to peer 0x55af5c96b530 (13 bytes)
1774037788.835917 sending message 112 to peer 0x55af5c96b530 (13 bytes)
1774037788.835918 sending message 112 to peer 0x55af5c96b530 (13 bytes)
1774037788.835920 sending message 112 to peer 0x55af5c96b530 (13 bytes)
1774037788.835922 sending message 112 to peer 0x55af5c96b530 (13 bytes)
1774037788.835924 sending message 112 to peer 0x55af5c96b530 (10 bytes)
1774037788.835926 sending message 112 to peer 0x55af5c96b530 (11 bytes)
1774037788.835928 sending message 112 to peer 0x55af5c96b530 (12 bytes)
1774037788.835930 sending message 112 to peer 0x55af5c96b530 (12 bytes)
1774037788.835932 sending message 112 to peer 0x55af5c96b530 (12 bytes)
1774037788.835934 sending message 112 to peer 0x55af5c96b530 (12 bytes)
1774037788.835936 sending message 112 to peer 0x55af5c96b530 (12 bytes)
1774037788.835938 sending message 112 to peer 0x55af5c96b530 (11 bytes)
1774037788.835940 sending message 112 to peer 0x55af5c96b530 (12 bytes)
1774037788.835942 sending message 112 to peer 0x55af5c96b530 (12 bytes)
1774037788.835944 sending message 112 to peer 0x55af5c96b530 (13 bytes)
1774037788.835946 sending message 112 to peer 0x55af5c96b530 (13 bytes)
1774037788.835948 sending message 112 to peer 0x55af5c96b530 (13 bytes)
1774037788.835950 sending message 112 to peer 0x55af5c96b530 (13 bytes)
1774037788.835951 sending message 112 to peer 0x55af5c96b530 (13 bytes)
1774037788.835953 sending message 112 to peer 0x55af5c96b530 (10 bytes)
1774037788.835955 sending message 112 to peer 0x55af5c96b530 (9 bytes)
1774037788.835957 sending message 112 to peer 0x55af5c96b530 (12 bytes)
1774037788.835959 sending message 112 to peer 0x55af5c96b530 (13 bytes)
1774037788.835961 sending message 112 to peer 0x55af5c96b530 (13 bytes)
1774037788.835965 sending message 112 to peer 0x55af5c96b530 (13 bytes)
1774037788.835967 sending message 112 to peer 0x55af5c96b530 (13 bytes)
1774037788.835969 sending message 112 to peer 0x55af5c96b530 (13 bytes)
1774037788.835971 sending message 112 to peer 0x55af5c96b530 (9 bytes)
1774037788.835973 sending message 112 to peer 0x55af5c96b530 (12 bytes)
1774037788.835975 sending message 112 to peer 0x55af5c96b530 (13 bytes)
1774037788.835977 sending message 112 to peer 0x55af5c96b530 (13 bytes)
1774037788.835979 sending message 112 to peer 0x55af5c96b530 (13 bytes)
1774037788.835981 sending message 112 to peer 0x55af5c96b530 (13 bytes)
1774037788.835983 sending message 112 to peer 0x55af5c96b530 (13 bytes)
1774037788.835985 sending message 112 to peer 0x55af5c96b530 (11 bytes)
1774037788.835987 sending message 112 to peer 0x55af5c96b530 (12 bytes)
1774037788.835989 sending message 112 to peer 0x55af5c96b530 (13 bytes)
1774037788.835990 sending message 112 to peer 0x55af5c96b530 (13 bytes)
1774037788.835992 sending message 112 to peer 0x55af5c96b530 (13 bytes)
1774037788.835994 sending message 112 to peer 0x55af5c96b530 (13 bytes)
1774037788.835996 sending message 112 to peer 0x55af5c96b530 (13 bytes)
1774037788.835998 sending message 112 to peer 0x55af5c96b530 (11 bytes)
1774037788.836000 sending message 112 to peer 0x55af5c96b530 (12 bytes)
1774037788.836002 sending message 112 to peer 0x55af5c96b530 (12 bytes)
1774037788.836004 sending message 112 to peer 0x55af5c96b530 (12 bytes)
1774037788.836006 sending message 112 to peer 0x55af5c96b530 (12 bytes)
1774037788.836008 sending message 112 to peer 0x55af5c96b530 (12 bytes)
1774037788.836010 sending message 112 to peer 0x55af5c96b530 (21 bytes)
1774037788.836012 sending message 112 to peer 0x55af5c96b530 (12 bytes)
1774037788.836014 sending message 112 to peer 0x55af5c96b530 (9 bytes)
1774037788.836016 sending message 112 to peer 0x55af5c96b530 (6 bytes)
1774037788.836018 sending message 112 to peer 0x55af5c96b530 (13 bytes)
1774037788.836020 sending message 112 to peer 0x55af5c96b530 (10 bytes)
1774037788.836022 sending message 112 to peer 0x55af5c96b530 (15 bytes)
1774037788.836023 sending message 112 to peer 0x55af5c96b530 (13 bytes)
1774037788.836025 sending message 112 to peer 0x55af5c96b530 (9 bytes)
1774037788.836027 sending message 112 to peer 0x55af5c96b530 (70 bytes)
1774037788.836029 sending message 112 to peer 0x55af5c96b530 (69 bytes)
1774037788.836031 sending message 112 to peer 0x55af5c96b530 (34 bytes)
1774037788.836033 sending message 112 to peer 0x55af5c96b530 (34 bytes)
1774037788.836035 sending message 112 to peer 0x55af5c96b530 (70 bytes)
1774037788.836037 sending message 112 to peer 0x55af5c96b530 (12 bytes)
1774037788.836039 sending message 112 to peer 0x55af5c96b530 (10 bytes)
1774037788.836041 sending message 112 to peer 0x55af5c96b530 (10 bytes)
1774037788.836043 sending message 112 to peer 0x55af5c96b530 (15 bytes)
1774037788.836045 sending message 112 to peer 0x55af5c96b530 (13 bytes)
1774037788.836047 sending message 112 to peer 0x55af5c96b530 (10 bytes)
1774037788.836049 sending message 112 to peer 0x55af5c96b530 (10 bytes)
1774037788.836051 sending message 112 to peer 0x55af5c96b530 (17 bytes)
1774037788.836053 sending message 112 to peer 0x55af5c96b530 (10 bytes)
1774037788.836055 sending message 112 to peer 0x55af5c96b530 (13 bytes)
1774037788.836057 sending message 112 to peer 0x55af5c96b530 (32 bytes)
1774037788.836059 sending message 112 to peer 0x55af5c96b530 (5 bytes)
1774037788.836061 sending message 112 to peer 0x55af5c96b530 (9 bytes)
1774037788.836063 sending message 112 to peer 0x55af5c96b530 (15 bytes)
1774037788.836064 sending message 112 to peer 0x55af5c96b530 (5 bytes)
1774037788.836067 sending message 104 to peer 0x55af5c96b530 (0 bytes)
1774037788.836070 sending message 110 to peer 0x55af5c96b530 (0 bytes)
1774037788.836073 sending message 107 to peer 0x55af5c96b530 (4 bytes)
1774037788.836075 sending message 105 to peer 0x55af5c96b530 (20 bytes)
1774037788.836077 sending message 105 to peer 0x55af5c96b530 (80 bytes)
1774037788.836080 sending message 105 to peer 0x55af5c96b530 (25 bytes)
1774037788.836083 sending message 105 to peer 0x55af5c96b530 (20 bytes)
1774037788.836085 sending message 105 to peer 0x55af5c96b530 (60 bytes)
1774037788.836087 sending message 105 to peer 0x55af5c96b530 (58 bytes)
1774037788.836089 sending message 105 to peer 0x55af5c96b530 (24 bytes)
1774037788.836091 sending message 105 to peer 0x55af5c96b530 (35 bytes)
1774037788.836092 sending message 105 to peer 0x55af5c96b530 (43 bytes)
1774037788.836094 sending message 105 to peer 0x55af5c96b530 (23 bytes)
1774037788.836096 sending message 105 to peer 0x55af5c96b530 (20 bytes)
1774037788.836098 sending message 105 to peer 0x55af5c96b530 (51 bytes)
1774037788.836100 sending message 105 to peer 0x55af5c96b530 (25 bytes)
1774037788.836102 sending message 105 to peer 0x55af5c96b530 (23 bytes)
1774037788.836104 sending message 105 to peer 0x55af5c96b530 (24 bytes)
1774037788.836106 sending message 105 to peer 0x55af5c96b530 (79 bytes)
1774037788.836108 sending message 105 to peer 0x55af5c96b530 (15 bytes)
1774037788.836110 sending message 105 to peer 0x55af5c96b530 (33 bytes)
1774037788.836112 sending message 105 to peer 0x55af5c96b530 (17 bytes)
1774037788.836114 sending message 105 to peer 0x55af5c96b530 (24 bytes)
1774037788.836116 sending message 105 to peer 0x55af5c96b530 (25 bytes)
1774037788.836118 sending message 105 to peer 0x55af5c96b530 (24 bytes)
1774037788.836120 sending message 105 to peer 0x55af5c96b530 (39 bytes)
1774037788.836122 sending message 105 to peer 0x55af5c96b530 (15 bytes)
1774037788.836124 sending message 105 to peer 0x55af5c96b530 (92 bytes)
1774037788.836126 sending message 105 to peer 0x55af5c96b530 (47 bytes)
1774037788.836128 sending message 105 to peer 0x55af5c96b530 (20 bytes)
1774037788.836130 sending message 105 to peer 0x55af5c96b530 (17 bytes)
1774037788.836132 sending message 105 to peer 0x55af5c96b530 (21 bytes)
1774037788.836133 sending message 105 to peer 0x55af5c96b530 (30 bytes)
1774037788.836135 sending message 105 to peer 0x55af5c96b530 (24 bytes)
1774037788.836137 sending message 105 to peer 0x55af5c96b530 (142 bytes)
1774037788.836139 sending message 105 to peer 0x55af5c96b530 (26 bytes)
1774037788.836141 sending message 105 to peer 0x55af5c96b530 (52 bytes)
1774037788.836143 sending message 105 to peer 0x55af5c96b530 (15 bytes)
1774037788.836145 sending message 105 to peer 0x55af5c96b530 (21 bytes)
1774037788.836147 sending message 105 to peer 0x55af5c96b530 (22 bytes)
1774037788.836149 sending message 105 to peer 0x55af5c96b530 (41 bytes)
1774037788.836151 sending message 105 to peer 0x55af5c96b530 (23 bytes)
1774037788.836153 sending message 105 to peer 0x55af5c96b530 (19 bytes)
1774037788.836155 sending message 105 to peer 0x55af5c96b530 (30 bytes)
1774037788.836157 sending message 105 to peer 0x55af5c96b530 (29 bytes)
1774037788.836159 sending message 105 to peer 0x55af5c96b530 (14 bytes)
1774037788.836161 sending message 105 to peer 0x55af5c96b530 (23 bytes)
1774037788.836163 sending message 105 to peer 0x55af5c96b530 (22 bytes)
1774037788.836165 sending message 105 to peer 0x55af5c96b530 (50 bytes)
1774037788.836167 sending message 105 to peer 0x55af5c96b530 (11 bytes)
1774037788.836169 sending message 105 to peer 0x55af5c96b530 (8 bytes)
1774037788.836170 sending message 105 to peer 0x55af5c96b530 (25 bytes)
1774037788.836172 sending message 105 to peer 0x55af5c96b530 (27 bytes)
1774037788.836174 sending message 105 to peer 0x55af5c96b530 (11 bytes)
1774037788.836176 sending message 105 to peer 0x55af5c96b530 (17 bytes)
1774037788.836178 sending message 105 to peer 0x55af5c96b530 (19 bytes)
1774037788.836180 sending message 105 to peer 0x55af5c96b530 (31 bytes)
1774037788.836182 sending message 105 to peer 0x55af5c96b530 (81 bytes)
1774037788.836184 sending message 105 to peer 0x55af5c96b530 (20 bytes)
1774037788.836186 sending message 105 to peer 0x55af5c96b530 (22 bytes)
1774037788.836188 sending message 105 to peer 0x55af5c96b530 (129 bytes)
1774037788.836190 sending message 105 to peer 0x55af5c96b530 (54 bytes)
1774037788.836193 sending message 105 to peer 0x55af5c96b530 (28 bytes)
1774037788.836196 sending message 105 to peer 0x55af5c96b530 (30 bytes)
1774037788.836198 sending message 105 to peer 0x55af5c96b530 (23 bytes)
1774037788.836200 sending message 105 to peer 0x55af5c96b530 (31 bytes)
1774037788.836202 sending message 105 to peer 0x55af5c96b530 (21 bytes)
1774037788.836204 sending message 105 to peer 0x55af5c96b530 (16 bytes)
1774037788.836206 sending message 106 to peer 0x55af5c96b530 (0 bytes)
1774037788.836240 sending message 200 to peer 0x55af5c96b530 (4 bytes)
1774037788.836242 client loop enter
1774037788.837992 peer 0x55af5c96b530 message 207
1774037788.837999 sending message 208 to peer 0x55af5c96b530 (0 bytes)
1774037803.540526 peer 0x55af5c96b530 message 203
1774037803.540534 sending message 205 to peer 0x55af5c96b530 (0 bytes)
1774037803.540711 peer 0x55af5c96b530 message 204
1774037803.540717 client loop exit
